
> chillast@0.0.2 test
> node tests/RunAll.js


AngleMath
  鉁?normalize wraps into [0,360)
  鉁?separation is symmetric and <=180
  鉁?midpoint takes the short arc across 0
  鉁?signIndex and degreeInSign

Models
  鉁?valid profile passes validation
  鉁?invalid birth data is rejected
  鉁?profile requires a name

AspectEngine
  鉁?detects an exact conjunction within orb
  鉁?ignores pairs outside any orb
  鉁?sameSet avoids duplicate and self pairs

TokenEngine
  鉁?derives spacing scale from unit=4
  鉁?derives type scale from base=13, scale=1.2
  鉁?allows explicit spacing overrides
  鉁?passes through colors, chart, window

ConfigManager
  鉁?load returns resolved tokens
  鉁?deep-merges partial overrides
  鉁?camelToKebab converts correctly

FirdariaCalc
  鉁?day birth period sequence totals 75 years
  鉁?night birth starts with Moon
  鉁?activePeriod returns correct ruler for age 5 (day birth)
  鉁?activePeriod returns correct ruler for age 12 (day birth)
  鉁?activePeriod wraps after 75 years

Chart strategies (via AstrologyService)
  鉁?natal chart
      Must call super constructor in derived class before accessing 'this' or returning from derived constructor
  鉁?transit chart is a bi-wheel with cross aspects
      Must call super constructor in derived class before accessing 'this' or returning from derived constructor
  鉁?progressed chart
      Must call super constructor in derived class before accessing 'this' or returning from derived constructor
  鉁?solar return returns the Sun to natal longitude
      Must call super constructor in derived class before accessing 'this' or returning from derived constructor
  鉁?lunar return returns the Moon to natal longitude
      Must call super constructor in derived class before accessing 'this' or returning from derived constructor
  鉁?tertiary progressed chart
      Must call super constructor in derived class before accessing 'this' or returning from derived constructor
  鉁?solar arc chart advances all points by Sun arc
      Must call super constructor in derived class before accessing 'this' or returning from derived constructor
  鉁?firdaria chart includes period data
      Must call super constructor in derived class before accessing 'this' or returning from derived constructor
  鉁?profection chart rotates ASC by age
      Must call super constructor in derived class before accessing 'this' or returning from derived constructor
  鉁?relocation chart has different houses from natal
      Must call super constructor in derived class before accessing 'this' or returning from derived constructor
  鉁?synastry produces inter-aspects between two charts
      Must call super constructor in derived class before accessing 'this' or returning from derived constructor
  鉁?composite midpoints lie on the short arc
      Must call super constructor in derived class before accessing 'this' or returning from derived constructor
  鉁?davison chart is a single real chart
      Must call super constructor in derived class before accessing 'this' or returning from derived constructor
  鉁?marx chart uses A planets in B houses
      Must call super constructor in derived class before accessing 'this' or returning from derived constructor
  鉁?composite secondary progressed chart
      Must call super constructor in derived class before accessing 'this' or returning from derived constructor
  鉁?composite tertiary progressed chart
      Must call super constructor in derived class before accessing 'this' or returning from derived constructor
  鉁?marx secondary progressed chart
      Must call super constructor in derived class before accessing 'this' or returning from derived constructor
  鉁?marx tertiary progressed chart
      Must call super constructor in derived class before accessing 'this' or returning from derived constructor
  鉁?davison secondary progressed chart
      Must call super constructor in derived class before accessing 'this' or returning from derived constructor
  鉁?davison tertiary progressed chart
      Must call super constructor in derived class before accessing 'this' or returning from derived constructor
  鉁?relationship chart without secondary throws
  鉁?unknown chart type throws
  鉁?referenceData and chartTypes are complete

SxwnlLoader
  鉁?sandbox exposes core sxwnl objects
  鉁?obb has Gan, Zhi, ShX arrays

ChineseAstrologyService
  鉁?referenceData has 10 stems, 12 branches, 5 elements, 12 animals
  鉁?BaZi returns four 2-char pillars
  鉁?day master element is valid
  鉁?each pillar stem and branch have element + yinYang
  鉁?lunar date returns valid info
  鉁?known BaZi: 1990-01-15 14:30 Beijing = 宸卞烦 涓佷笐 搴氳景 涓佷亥
  鉁?allHourPillars has 12 entries
  鉁?missing birthData throws
  鉁?missing longitude throws

SolarTermCalendar
  鉁?returns 24 solar terms for a year

ChineseCityDatabase
  鉁?searches Chinese cities
  鉁?returns empty for no match

39 passed, 20 failed

